Archive member included because of file (symbol)

lib/libqfp.a(qfpio.o)         test/test_i2c_lcd.o (qfp_float2str)

Discarded input sections

 .text          0x00000000        0x0 src/delay.o
 .data          0x00000000        0x0 src/delay.o
 .bss           0x00000000        0x0 src/delay.o
 .text          0x00000000        0x0 src/gpio.o
 .data          0x00000000        0x0 src/gpio.o
 .bss           0x00000000        0x0 src/gpio.o
 .text.NVIC_EnableIRQ
                0x00000000       0x38 src/gpio.o
 .text.NVIC_SetPriority
                0x00000000       0x5c src/gpio.o
 .text.GPIO_Set
                0x00000000       0x2c src/gpio.o
 .text.GPIO_Reset
                0x00000000       0x2c src/gpio.o
 .text.GPIO_Read
                0x00000000       0x38 src/gpio.o
 .text.GPIO_Write
                0x00000000       0x50 src/gpio.o
 .text.GPIO_Toggle
                0x00000000       0x2c src/gpio.o
 .text.GPIO_EXTI_Init
                0x00000000      0x194 src/gpio.o
 .text          0x00000000        0x0 src/i2c.o
 .data          0x00000000        0x0 src/i2c.o
 .bss           0x00000000        0x0 src/i2c.o
 .text.I2C_Read
                0x00000000      0x170 src/i2c.o
 .text          0x00000000        0x0 src/i2c_lcd.o
 .data          0x00000000        0x0 src/i2c_lcd.o
 .bss           0x00000000        0x0 src/i2c_lcd.o
 .text          0x00000000        0x0 src/lcd_16x2.o
 .data          0x00000000        0x0 src/lcd_16x2.o
 .bss           0x00000000        0x0 src/lcd_16x2.o
 .text.LCD_Init
                0x00000000       0xfc src/lcd_16x2.o
 .text.LCD_Instruction
                0x00000000      0x1d0 src/lcd_16x2.o
 .text.LCD_Data
                0x00000000      0x1d0 src/lcd_16x2.o
 .text.LCD_Print_Line
                0x00000000       0x58 src/lcd_16x2.o
 .rodata        0x00000000        0x4 src/lcd_16x2.o
 .text.LCD_Setcursor
                0x00000000       0x50 src/lcd_16x2.o
 .text.LCD_Clear
                0x00000000       0x1c src/lcd_16x2.o
 .debug_info    0x00000000      0x243 src/lcd_16x2.o
 .debug_abbrev  0x00000000      0x144 src/lcd_16x2.o
 .debug_loc     0x00000000      0x138 src/lcd_16x2.o
 .debug_aranges
                0x00000000       0x48 src/lcd_16x2.o
 .debug_ranges  0x00000000       0x38 src/lcd_16x2.o
 .debug_line    0x00000000      0x16f src/lcd_16x2.o
 .debug_str     0x00000000      0x162 src/lcd_16x2.o
 .comment       0x00000000       0x12 src/lcd_16x2.o
 .ARM.attributes
                0x00000000       0x33 src/lcd_16x2.o
 .debug_frame   0x00000000       0xc8 src/lcd_16x2.o
 .text          0x00000000        0x0 src/pwm.o
 .data          0x00000000        0x0 src/pwm.o
 .bss           0x00000000        0x0 src/pwm.o
 .text.PWM_Init
                0x00000000      0x1b4 src/pwm.o
 .text.GPIO_PWM
                0x00000000       0x8c src/pwm.o
 .text.Get_TIM  0x00000000       0x8c src/pwm.o
 .text.Get_TIM_Channel
                0x00000000      0x110 src/pwm.o
 .debug_info    0x00000000      0x59b src/pwm.o
 .debug_abbrev  0x00000000       0xf5 src/pwm.o
 .debug_loc     0x00000000       0xe0 src/pwm.o
 .debug_aranges
                0x00000000       0x38 src/pwm.o
 .debug_ranges  0x00000000       0x28 src/pwm.o
 .debug_line    0x00000000      0x147 src/pwm.o
 .debug_str     0x00000000      0x299 src/pwm.o
 .comment       0x00000000       0x12 src/pwm.o
 .ARM.attributes
                0x00000000       0x33 src/pwm.o
 .debug_frame   0x00000000       0x88 src/pwm.o
 .text          0x00000000        0x0 src/servo_motor.o
 .data          0x00000000        0x0 src/servo_motor.o
 .bss           0x00000000        0x0 src/servo_motor.o
 .text.Servo_Init
                0x00000000       0x30 src/servo_motor.o
 .text.Servo_Angle
                0x00000000       0x50 src/servo_motor.o
 .debug_info    0x00000000      0x1bf src/servo_motor.o
 .debug_abbrev  0x00000000       0xd9 src/servo_motor.o
 .debug_loc     0x00000000       0x70 src/servo_motor.o
 .debug_aranges
                0x00000000       0x28 src/servo_motor.o
 .debug_ranges  0x00000000       0x18 src/servo_motor.o
 .debug_line    0x00000000       0xde src/servo_motor.o
 .debug_str     0x00000000      0x128 src/servo_motor.o
 .comment       0x00000000       0x12 src/servo_motor.o
 .ARM.attributes
                0x00000000       0x33 src/servo_motor.o
 .debug_frame   0x00000000       0x50 src/servo_motor.o
 .text          0x00000000        0x0 src/spi.o
 .data          0x00000000        0x0 src/spi.o
 .bss           0x00000000        0x0 src/spi.o
 .text.SPI_Init
                0x00000000      0x2bc src/spi.o
 .text.SPI_Set_Clk_Prescaler
                0x00000000      0x134 src/spi.o
 .text.SPI_SendByte
                0x00000000       0x44 src/spi.o
 .text.SPI_WriteReg
                0x00000000       0x8c src/spi.o
 .text.SPI_ReadReg
                0x00000000       0x90 src/spi.o
 .debug_info    0x00000000      0x481 src/spi.o
 .debug_abbrev  0x00000000      0x11c src/spi.o
 .debug_loc     0x00000000      0x118 src/spi.o
 .debug_aranges
                0x00000000       0x40 src/spi.o
 .debug_ranges  0x00000000       0x30 src/spi.o
 .debug_line    0x00000000      0x1a0 src/spi.o
 .debug_str     0x00000000      0x25e src/spi.o
 .comment       0x00000000       0x12 src/spi.o
 .ARM.attributes
                0x00000000       0x33 src/spi.o
 .debug_frame   0x00000000       0xa8 src/spi.o
 .text          0x00000000        0x0 src/startup_stm32f103.o
 .data          0x00000000        0x0 src/startup_stm32f103.o
 .bss           0x00000000        0x0 src/startup_stm32f103.o
 .text          0x00000000        0x0 src/system_stm32f10x.o
 .data          0x00000000        0x0 src/system_stm32f10x.o
 .bss           0x00000000        0x0 src/system_stm32f10x.o
 .text          0x00000000        0x0 src/timer_delay.o
 .data          0x00000000        0x0 src/timer_delay.o
 .bss           0x00000000        0x0 src/timer_delay.o
 .text.TDelay_us
                0x00000000       0xa8 src/timer_delay.o
 .text.TDelay_ms
                0x00000000       0xa8 src/timer_delay.o
 .debug_info    0x00000000      0x41f src/timer_delay.o
 .debug_abbrev  0x00000000       0xb2 src/timer_delay.o
 .debug_loc     0x00000000       0x70 src/timer_delay.o
 .debug_aranges
                0x00000000       0x28 src/timer_delay.o
 .debug_ranges  0x00000000       0x18 src/timer_delay.o
 .debug_line    0x00000000       0xf3 src/timer_delay.o
 .debug_str     0x00000000      0x273 src/timer_delay.o
 .comment       0x00000000       0x12 src/timer_delay.o
 .ARM.attributes
                0x00000000       0x33 src/timer_delay.o
 .debug_frame   0x00000000       0x48 src/timer_delay.o
 .text          0x00000000        0x0 src/uart.o
 .data          0x00000000        0x0 src/uart.o
 .bss           0x00000000        0x0 src/uart.o
 .text.UART_Init
                0x00000000      0x1f0 src/uart.o
 .text.UART_SendByte
                0x00000000       0x30 src/uart.o
 .text.UART_SendString
                0x00000000       0x40 src/uart.o
 .text.UART_ReceiveByte
                0x00000000       0x2c src/uart.o
 .text.UART_ReceiveString
                0x00000000       0x5c src/uart.o
 .debug_info    0x00000000      0x422 src/uart.o
 .debug_abbrev  0x00000000      0x10f src/uart.o
 .debug_loc     0x00000000      0x118 src/uart.o
 .debug_aranges
                0x00000000       0x40 src/uart.o
 .debug_ranges  0x00000000       0x30 src/uart.o
 .debug_line    0x00000000      0x15a src/uart.o
 .debug_str     0x00000000      0x221 src/uart.o
 .comment       0x00000000       0x12 src/uart.o
 .ARM.attributes
                0x00000000       0x33 src/uart.o
 .debug_frame   0x00000000       0xa8 src/uart.o
 .text          0x00000000        0x0 test/test_i2c_lcd.o
 .data          0x00000000        0x0 test/test_i2c_lcd.o
 .bss           0x00000000        0x0 test/test_i2c_lcd.o
 .data          0x00000000        0x0 lib/libqfp.a(qfpio.o)
 .bss           0x00000000        0x0 lib/libqfp.a(qfpio.o)

Memory Configuration

Name             Origin             Length             Attributes
FLASH            0x08000000         0x00010000         xr
SRAM             0x20000000         0x00005000         xrw
*default*        0x00000000         0xffffffff

Linker script and memory map

LOAD src/delay.o
LOAD src/gpio.o
LOAD src/i2c.o
LOAD src/i2c_lcd.o
LOAD src/lcd_16x2.o
LOAD src/pwm.o
LOAD src/servo_motor.o
LOAD src/spi.o
LOAD src/startup_stm32f103.o
LOAD src/system_stm32f10x.o
LOAD src/timer_delay.o
LOAD src/uart.o
LOAD test/test_i2c_lcd.o
LOAD lib/libqfp.a

.text           0x08000000     0x1120
 *(.isr_vector)
 .isr_vector    0x08000000      0x130 src/startup_stm32f103.o
                0x08000000                vectors
 *(.text)
 .text          0x08000130      0x328 lib/libqfp.a(qfpio.o)
                0x08000176                qfp_float2str
                0x0800031e                qfp_str2float
 *(.text.*)
 .text.NVIC_SetPriority
                0x08000458       0x5c src/delay.o
 .text.SysTick_Config
                0x080004b4       0x64 src/delay.o
 .text.SysTick_Handler
                0x08000518       0x30 src/delay.o
                0x08000518                SysTick_Handler
 .text.Delay_Init
                0x08000548       0x2c src/delay.o
                0x08000548                Delay_Init
 .text.Delay_us
                0x08000574       0x30 src/delay.o
                0x08000574                Delay_us
 .text.Delay_ms
                0x080005a4       0x34 src/delay.o
                0x080005a4                Delay_ms
 .text.GPIO_Init
                0x080005d8      0x140 src/gpio.o
                0x080005d8                GPIO_Init
 .text.I2C_Init
                0x08000718      0x180 src/i2c.o
                0x08000718                I2C_Init
 .text.I2C_Start
                0x08000898       0x44 src/i2c.o
                0x08000898                I2C_Start
 .text.I2C_Stop
                0x080008dc       0x24 src/i2c.o
                0x080008dc                I2C_Stop
 .text.I2C_SendAddress
                0x08000900       0x40 src/i2c.o
                0x08000900                I2C_SendAddress
 .text.I2C_Write
                0x08000940       0x40 src/i2c.o
                0x08000940                I2C_Write
 .text.I2C_SendString
                0x08000980       0x54 src/i2c.o
                0x08000980                I2C_SendString
 .text.I2C_LCD_Instruction
                0x080009d4       0x64 src/i2c_lcd.o
                0x080009d4                I2C_LCD_Instruction
 .text.I2C_LCD_Data
                0x08000a38       0x64 src/i2c_lcd.o
                0x08000a38                I2C_LCD_Data
 .text.I2C_LCD_Init
                0x08000a9c       0x50 src/i2c_lcd.o
                0x08000a9c                I2C_LCD_Init
 .text.I2C_LCD_Print_Line
                0x08000aec       0x58 src/i2c_lcd.o
                0x08000aec                I2C_LCD_Print_Line
 .text.I2C_LCD_Setcursor
                0x08000b44       0x50 src/i2c_lcd.o
                0x08000b44                I2C_LCD_Setcursor
 .text.I2C_LCD_Clear
                0x08000b94       0x1c src/i2c_lcd.o
                0x08000b94                I2C_LCD_Clear
 .text.I2C_LCD_Send
                0x08000bb0       0x3c src/i2c_lcd.o
                0x08000bb0                I2C_LCD_Send
 .text.Default_Handler
                0x08000bec        0x8 src/startup_stm32f103.o
                0x08000bec                EXTI2_IRQHandler
                0x08000bec                TIM8_TRG_COM_IRQHandler
                0x08000bec                TIM8_CC_IRQHandler
                0x08000bec                DebugMon_Handler
                0x08000bec                TIM1_CC_IRQHandler
                0x08000bec                HardFault_Handler
                0x08000bec                TIM6_IRQHandler
                0x08000bec                PVD_IRQHandler
                0x08000bec                SDIO_IRQHandler
                0x08000bec                PendSV_Handler
                0x08000bec                NMI_Handler
                0x08000bec                EXTI3_IRQHandler
                0x08000bec                WWDG_Handler
                0x08000bec                USB_HP_CAN_TX_IRQHandler
                0x08000bec                EXTI0_IRQHandler
                0x08000bec                I2C2_EV_IRQHandler
                0x08000bec                UsageFault_Handler
                0x08000bec                ADC1_2_IRQHandler
                0x08000bec                SPI1_IRQHandler
                0x08000bec                CAN_SCE_IRQHandler
                0x08000bec                TAMPER_IRQHandler
                0x08000bec                TIM8_UP_IRQHandler
                0x08000bec                DMA2_Channel2_IRQHandler
                0x08000bec                DMA1_Channel4_IRQHandler
                0x08000bec                USART3_IRQHandler
                0x08000bec                RTC_IRQHandler
                0x08000bec                DMA1_Channel7_IRQHandler
                0x08000bec                UART5_IRQHandler
                0x08000bec                ADC3_IRQHandler
                0x08000bec                USBWakeup_IRQHandler
                0x08000bec                TIM4_IRQHandler
                0x08000bec                CAN_RX1_IRQHandler
                0x08000bec                DMA2_Channel1_IRQHandler
                0x08000bec                I2C1_EV_IRQHandler
                0x08000bec                DMA1_Channel6_IRQHandler
                0x08000bec                UART4_IRQHandler
                0x08000bec                TIM3_IRQHandler
                0x08000bec                RCC_IRQHandler
                0x08000bec                TIM1_TRG_COM_IRQHandler
                0x08000bec                DMA1_Channel1_IRQHandler
                0x08000bec                Default_Handler
                0x08000bec                EXTI15_10_IRQHandler
                0x08000bec                TIM7_IRQHandler
                0x08000bec                TIM5_IRQHandler
                0x08000bec                EXTI9_5_IRQHandler
                0x08000bec                SPI2_IRQHandler
                0x08000bec                USB_LP_CAN_RX0_IRQHandler
                0x08000bec                MemManage_Handler
                0x08000bec                SVC_Handler
                0x08000bec                DMA1_Channel5_IRQHandler
                0x08000bec                EXTI4_IRQHandler
                0x08000bec                DMA1_Channel3_IRQHandler
                0x08000bec                FSMC_IRQHandler
                0x08000bec                TIM1_UP_IRQHandler
                0x08000bec                TIM2_IRQHandler
                0x08000bec                TIM1_BRK_IRQHandler
                0x08000bec                EXTI1_IRQHandler
                0x08000bec                RTCAlarm_IRQHandler
                0x08000bec                DMA2_Channel4_5_IRQHandler
                0x08000bec                USART2_IRQHandler
                0x08000bec                I2C2_ER_IRQHandler
                0x08000bec                DMA1_Channel2_IRQHandler
                0x08000bec                TIM8_BRK_IRQHandler
                0x08000bec                FLASH_IRQHandler
                0x08000bec                BusFault_Handler
                0x08000bec                USART1_IRQHandler
                0x08000bec                SPI3_IRQHandler
                0x08000bec                I2C1_ER_IRQHandler
                0x08000bec                DMA2_Channel3_IRQHandler
 .text.Reset_Handler
                0x08000bf4       0xb0 src/startup_stm32f103.o
                0x08000bf4                Reset_Handler
 .text.SystemInit
                0x08000ca4       0xa8 src/system_stm32f10x.o
                0x08000ca4                SystemInit
 .text.SystemCoreClockUpdate
                0x08000d4c      0x148 src/system_stm32f10x.o
                0x08000d4c                SystemCoreClockUpdate
 .text.SetSysClock
                0x08000e94        0xc src/system_stm32f10x.o
 .text.SetSysClockTo72
                0x08000ea0      0x1ac src/system_stm32f10x.o
 .text.main     0x0800104c       0x94 test/test_i2c_lcd.o
                0x0800104c                main
 *(.init)
 *(.fini)
 *(.rodata)
 .rodata        0x080010e0        0x4 src/i2c_lcd.o
 .rodata        0x080010e4       0x3c test/test_i2c_lcd.o
 *(.rodata.*)
                0x08001120                . = ALIGN (0x4)
                0x08001120                _etext = .
                0x08001120                _la_data = LOADADDR (.data)

.glue_7         0x08001120        0x0
 .glue_7        0x00000000        0x0 linker stubs

.glue_7t        0x08001120        0x0
 .glue_7t       0x00000000        0x0 linker stubs

.vfp11_veneer   0x08001120        0x0
 .vfp11_veneer  0x00000000        0x0 linker stubs

.v4_bx          0x08001120        0x0
 .v4_bx         0x00000000        0x0 linker stubs

.iplt           0x08001120        0x0
 .iplt          0x00000000        0x0 src/delay.o

.rel.dyn        0x08001120        0x0
 .rel.iplt      0x00000000        0x0 src/delay.o

.data           0x20000000       0x14 load address 0x08001120
                0x20000000                _sdata = .
 *(.data)
 *(.data.*)
 .data.SystemCoreClock
                0x20000000        0x4 src/system_stm32f10x.o
                0x20000000                SystemCoreClock
 .data.AHBPrescTable
                0x20000004       0x10 src/system_stm32f10x.o
                0x20000004                AHBPrescTable
                0x20000014                . = ALIGN (0x4)
                0x20000014                _edata = .

.igot.plt       0x20000014        0x0 load address 0x08001134
 .igot.plt      0x00000000        0x0 src/delay.o

.bss            0x20000014        0x4 load address 0x08001134
                0x20000014                _sbss = .
 *(.bss)
 *(.bss.*)
 .bss.usTicks   0x20000014        0x4 src/delay.o
 *(COMMON)
                0x20000018                . = ALIGN (0x4)
                0x20000018                _ebss = .
LOAD lib/libqfp.a
OUTPUT(test/test_i2c_lcd.elf elf32-littlearm)

.debug_info     0x00000000     0x1fc8
 .debug_info    0x00000000      0x65a src/delay.o
 .debug_info    0x0000065a      0x91f src/gpio.o
 .debug_info    0x00000f79      0x50a src/i2c.o
 .debug_info    0x00001483      0x3e7 src/i2c_lcd.o
 .debug_info    0x0000186a      0x19e src/startup_stm32f103.o
 .debug_info    0x00001a08      0x4bc src/system_stm32f10x.o
 .debug_info    0x00001ec4      0x104 test/test_i2c_lcd.o

.debug_abbrev   0x00000000      0x86f
 .debug_abbrev  0x00000000      0x1a2 src/delay.o
 .debug_abbrev  0x000001a2      0x16e src/gpio.o
 .debug_abbrev  0x00000310      0x116 src/i2c.o
 .debug_abbrev  0x00000426      0x15c src/i2c_lcd.o
 .debug_abbrev  0x00000582       0xf2 src/startup_stm32f103.o
 .debug_abbrev  0x00000674      0x150 src/system_stm32f10x.o
 .debug_abbrev  0x000007c4       0xab test/test_i2c_lcd.o

.debug_loc      0x00000000      0x78c
 .debug_loc     0x00000000      0x138 src/delay.o
 .debug_loc     0x00000138      0x1f8 src/gpio.o
 .debug_loc     0x00000330      0x188 src/i2c.o
 .debug_loc     0x000004b8      0x170 src/i2c_lcd.o
 .debug_loc     0x00000628       0x64 src/startup_stm32f103.o
 .debug_loc     0x0000068c       0xc8 src/system_stm32f10x.o
 .debug_loc     0x00000754       0x38 test/test_i2c_lcd.o

.debug_aranges  0x00000000      0x1c8
 .debug_aranges
                0x00000000       0x48 src/delay.o
 .debug_aranges
                0x00000048       0x60 src/gpio.o
 .debug_aranges
                0x000000a8       0x50 src/i2c.o
 .debug_aranges
                0x000000f8       0x50 src/i2c_lcd.o
 .debug_aranges
                0x00000148       0x28 src/startup_stm32f103.o
 .debug_aranges
                0x00000170       0x38 src/system_stm32f10x.o
 .debug_aranges
                0x000001a8       0x20 test/test_i2c_lcd.o

.debug_ranges   0x00000000      0x158
 .debug_ranges  0x00000000       0x38 src/delay.o
 .debug_ranges  0x00000038       0x50 src/gpio.o
 .debug_ranges  0x00000088       0x40 src/i2c.o
 .debug_ranges  0x000000c8       0x40 src/i2c_lcd.o
 .debug_ranges  0x00000108       0x18 src/startup_stm32f103.o
 .debug_ranges  0x00000120       0x28 src/system_stm32f10x.o
 .debug_ranges  0x00000148       0x10 test/test_i2c_lcd.o

.debug_line     0x00000000      0x90a
 .debug_line    0x00000000      0x156 src/delay.o
 .debug_line    0x00000156      0x18c src/gpio.o
 .debug_line    0x000002e2      0x1b6 src/i2c.o
 .debug_line    0x00000498      0x153 src/i2c_lcd.o
 .debug_line    0x000005eb       0xd2 src/startup_stm32f103.o
 .debug_line    0x000006bd      0x163 src/system_stm32f10x.o
 .debug_line    0x00000820       0xea test/test_i2c_lcd.o

.debug_str      0x00000000      0x8ab
 .debug_str     0x00000000      0x4c3 src/delay.o
                                0x504 (size before relaxing)
 .debug_str     0x000004c3      0x11e src/gpio.o
                                0x59f (size before relaxing)
 .debug_str     0x000005e1       0xde src/i2c.o
                                0x253 (size before relaxing)
 .debug_str     0x000006bf       0xab src/i2c_lcd.o
                                0x23a (size before relaxing)
 .debug_str     0x0000076a       0x76 src/startup_stm32f103.o
                                0x145 (size before relaxing)
 .debug_str     0x000007e0       0xac src/system_stm32f10x.o
                                0x24e (size before relaxing)
 .debug_str     0x0000088c       0x1f test/test_i2c_lcd.o
                                0x102 (size before relaxing)

.comment        0x00000000       0x11
 .comment       0x00000000       0x11 src/delay.o
                                 0x12 (size before relaxing)
 .comment       0x00000000       0x12 src/gpio.o
 .comment       0x00000000       0x12 src/i2c.o
 .comment       0x00000000       0x12 src/i2c_lcd.o
 .comment       0x00000000       0x12 src/startup_stm32f103.o
 .comment       0x00000000       0x12 src/system_stm32f10x.o
 .comment       0x00000000       0x12 test/test_i2c_lcd.o

.ARM.attributes
                0x00000000       0x31
 .ARM.attributes
                0x00000000       0x33 src/delay.o
 .ARM.attributes
                0x00000033       0x33 src/gpio.o
 .ARM.attributes
                0x00000066       0x33 src/i2c.o
 .ARM.attributes
                0x00000099       0x33 src/i2c_lcd.o
 .ARM.attributes
                0x000000cc       0x33 src/startup_stm32f103.o
 .ARM.attributes
                0x000000ff       0x33 src/system_stm32f10x.o
 .ARM.attributes
                0x00000132       0x33 test/test_i2c_lcd.o
 .ARM.attributes
                0x00000165       0x21 lib/libqfp.a(qfpio.o)

.debug_frame    0x00000000      0x488
 .debug_frame   0x00000000       0xbc src/delay.o
 .debug_frame   0x000000bc      0x110 src/gpio.o
 .debug_frame   0x000001cc       0xdc src/i2c.o
 .debug_frame   0x000002a8       0xe8 src/i2c_lcd.o
 .debug_frame   0x00000390       0x48 src/startup_stm32f103.o
 .debug_frame   0x000003d8       0x80 src/system_stm32f10x.o
 .debug_frame   0x00000458       0x30 test/test_i2c_lcd.o
